
R version 3.1.2 (2014-10-31) -- "Pumpkin Helmet"
Copyright (C) 2014 The R Foundation for Statistical Computing
Platform: x86_64-apple-darwin13.4.0 (64-bit)

R is free software and comes with ABSOLUTELY NO WARRANTY.
You are welcome to redistribute it under certain conditions.
Type 'license()' or 'licence()' for distribution details.

  Natural language support but running in an English locale

R is a collaborative project with many contributors.
Type 'contributors()' for more information and
'citation()' on how to cite R or R packages in publications.

Type 'demo()' for some demos, 'help()' for on-line help, or
'help.start()' for an HTML browser interface to help.
Type 'q()' to quit R.

[R.app GUI 1.65 (6833) x86_64-apple-darwin13.4.0]

[Workspace restored from /Users/shantanupawar/.RData]
[History restored from /Users/shantanupawar/.Rapp.history]

> x <- 1:4
> lapply(mean. x)
Error: unexpected symbol in "lapply(mean. x"
> lapply(mean, x)
Error in get(as.character(FUN), mode = "function", envir = envir) : 
  object 'x' of mode 'function' was not found
> lapply(x, mean)
[[1]]
[1] 1

[[2]]
[1] 2

[[3]]
[1] 3

[[4]]
[1] 4

> sapply(x, mean)
[1] 1 2 3 4
> sapply(x, rnorm)
[[1]]
[1] -1.706297

[[2]]
[1] -1.5380463 -0.1940552

[[3]]
[1] 0.18869504 0.31923116 0.09159216

[[4]]
[1]  0.47970453  1.79498932  0.06848333 -0.04719219

> sapply(x, rnorm(, 3))
Error in rnorm(, 3) : argument "n" is missing, with no default
> rnorm(10, 3)
 [1] 3.119813 3.508624 1.721663 2.945714 2.266713 4.032975 1.901070 4.275291 4.080273 3.127586
> 
> sapply(x, rnorm(x, 3))
Error in match.fun(FUN) : 
  'rnorm(x, 3)' is not a function, character or symbol
> for (i in 1:4) {rnorm(i, 5)}
> x <- for (i in 1:4) {rnorm(i, 5)}
> x
NULL
> x <- for (i in 1:4) {print(i)}
[1] 1
[1] 2
[1] 3
[1] 4
> x <- for (i in 1:4) {rnorm(i, 5)}
> print(x)
NULL
> rnoem(1, 5)
Error: could not find function "rnoem"
> rnorm(1, 5)
[1] 5.153464
> rnorm(2, 5)
[1] 2.872207 5.562165
> rnorm(3, 5)
[1] 5.493685 4.723778 7.548068
> x <- for (i in 1:4) {print(rnorm(i, 5))}
[1] 3.68509
[1] 6.001041 5.613585
[1] 4.742901 6.584173 4.948022
[1] 7.126204 4.281779 3.913343 4.532998
> ?quantile
starting httpd help server ... done
> rnorm(3, 5)
[1] 2.345414 6.751747 5.272436
> x <- 1:5
> x
[1] 1 2 3 4 5
> y <- 6:10
> y
[1]  6  7  8  9 10
> z <- sapply(x, rnorm, y)
> z
[[1]]
[1] 6.075079

[[2]]
[1] 5.654220 6.894024

[[3]]
[1] 6.832038 8.243199 8.450652

[[4]]
[1] 6.022345 7.394180 7.215223 8.629792

[[5]]
[1]  6.153129  6.706598  9.005043 10.594269  9.290038

> w <- quantile (x, probs = c(0, 0.25, 0.5, 0.75, 1), na.rm = TRUE)
> w
  0%  25%  50%  75% 100% 
   1    2    3    4    5 
> e <- c(0, 0.25, 0.5, 0.75, 1)
> e
[1] 0.00 0.25 0.50 0.75 1.00
> x
[1] 1 2 3 4 5
> q <- quantile (x, probs = e, na.rm = TRUE)
> q
  0%  25%  50%  75% 100% 
   1    2    3    4    5 
> x <- matrix (rnorm(120), 30, 4)
> x
             [,1]        [,2]        [,3]       [,4]
 [1,] -1.20598228  0.98906122  0.26396044 -0.2842039
 [2,]  0.50222257 -0.52057269 -0.05158099 -0.4817003
 [3,]  0.66419101  0.61862677  2.32017086 -0.4623168
 [4,] -1.03947045  0.81176634  0.62411519  1.7905143
 [5,] -0.37565870  1.03741163 -0.71512101  0.7422291
 [6,] -2.09824508 -0.39325800 -0.73413521  0.1042435
 [7,] -0.89100048 -0.76472254 -1.49626985 -1.0409108
 [8,]  0.59839849  2.45207319 -1.56492486  0.2925609
 [9,] -2.14860543  0.55423028 -0.68298113  0.6515699
[10,]  0.41163975  0.01937294  0.22988268 -1.0178620
[11,] -0.67612815  0.38328093 -1.04432824 -0.6682774
[12,] -1.12508614  0.21058400  0.16048844 -2.4806830
[13,]  0.05964296  0.47692574  0.66673797  0.1376669
[14,] -0.89390980  1.31407513 -0.30874252  0.2253345
[15,] -0.52814333 -0.51313449  1.50239271 -0.7160209
[16,]  0.94350214  1.86724863 -1.09827611  2.0921374
[17,] -0.39579343  0.69394824 -0.26458696  0.8154617
[18,] -0.58104473  0.50139910  1.44427699  1.1676990
[19,]  0.29791680  1.26860417  0.60824618  2.2836140
[20,] -0.57554944  0.60365373 -1.30819933 -0.3959831
[21,]  0.91069910  0.90173117  0.06702341 -0.6905856
[22,] -0.59476099 -0.11722896  0.61792513  0.2907182
[23,] -0.57273083  0.05279867  0.93648420  0.2168503
[24,] -0.32226198  0.78915539  0.11038997  0.6043306
[25,]  1.32752185  0.48278577  1.31763530 -0.2961544
[26,]  1.17411018 -0.35850627  1.39604938  1.7405506
[27,] -0.29135044  0.18987192 -0.50959412 -0.9794535
[28,]  2.06265377  1.04715855 -0.52055277  1.1390042
[29,] -0.46127807  1.63023036  0.40330758 -0.6302608
[30,] -0.49522030 -0.57159121 -0.85459547 -1.7419638
> apply(x, 2, sum)
[1] -6.319721 15.656980  1.515198  2.408109
> apply(x, 2, mean)
[1] -0.2106574  0.5218993  0.0505066  0.0802703
> apply(x, 1, mean)
 [1] -0.05929113 -0.13790785  0.78516795  0.54673135  0.17221527 -0.78034871 -1.04822592  0.44452692 -0.40644658 -0.08924167 -0.50136321 -0.80867416  0.33524340  0.08418934 -0.06372650
[16]  0.95115302  0.21225739  0.63308259  1.11459528 -0.41901954  0.29721701  0.04916336  0.15835058  0.29540349  0.70794713  0.98805098 -0.39763152  0.93206593  0.23549976 -0.91584269
> apply(x, 1, sum)
 [1] -0.2371645 -0.5516314  3.1406718  2.1869254  0.6888611 -3.1213948 -4.1929037  1.7781077 -1.6257863 -0.3569667 -2.0054528 -3.2346967  1.3409736  0.3367574 -0.2549060  3.8046121  0.8490296
[18]  2.5323304  4.4583811 -1.6760781  1.1888680  0.1966534  0.6334023  1.1816139  2.8317885  3.9522039 -1.5905261  3.7282637  0.9419990 -3.6633708
> x <- 1:100
> x
  [1]   1   2   3   4   5   6   7   8   9  10  11  12  13  14  15  16  17  18  19  20  21  22  23  24  25  26  27  28  29  30  31  32  33  34  35  36  37  38  39  40  41  42  43  44  45  46  47
 [48]  48  49  50  51  52  53  54  55  56  57  58  59  60  61  62  63  64  65  66  67  68  69  70  71  72  73  74  75  76  77  78  79  80  81  82  83  84  85  86  87  88  89  90  91  92  93  94
 [95]  95  96  97  98  99 100
> y <- (0, 0.25, 0.5, 0.75, 1)
Error: unexpected ',' in "y <- (0,"
> y
[1]  6  7  8  9 10
> y <- c(0, 0.25, 0.5, 0.75, 1)
> y
[1] 0.00 0.25 0.50 0.75 1.00
> quantile (x, probs = y)
    0%    25%    50%    75%   100% 
  1.00  25.75  50.50  75.25 100.00 
> x <- array (1:100, c(4, 5, 5))
> x
, , 1

     [,1] [,2] [,3] [,4] [,5]
[1,]    1    5    9   13   17
[2,]    2    6   10   14   18
[3,]    3    7   11   15   19
[4,]    4    8   12   16   20

, , 2

     [,1] [,2] [,3] [,4] [,5]
[1,]   21   25   29   33   37
[2,]   22   26   30   34   38
[3,]   23   27   31   35   39
[4,]   24   28   32   36   40

, , 3

     [,1] [,2] [,3] [,4] [,5]
[1,]   41   45   49   53   57
[2,]   42   46   50   54   58
[3,]   43   47   51   55   59
[4,]   44   48   52   56   60

, , 4

     [,1] [,2] [,3] [,4] [,5]
[1,]   61   65   69   73   77
[2,]   62   66   70   74   78
[3,]   63   67   71   75   79
[4,]   64   68   72   76   80

, , 5

     [,1] [,2] [,3] [,4] [,5]
[1,]   81   85   89   93   97
[2,]   82   86   90   94   98
[3,]   83   87   91   95   99
[4,]   84   88   92   96  100

> apply(x, c(1, 2), quantile, probs = y)
, , 1

     [,1] [,2] [,3] [,4]
0%      1    2    3    4
25%    21   22   23   24
50%    41   42   43   44
75%    61   62   63   64
100%   81   82   83   84

, , 2

     [,1] [,2] [,3] [,4]
0%      5    6    7    8
25%    25   26   27   28
50%    45   46   47   48
75%    65   66   67   68
100%   85   86   87   88

, , 3

     [,1] [,2] [,3] [,4]
0%      9   10   11   12
25%    29   30   31   32
50%    49   50   51   52
75%    69   70   71   72
100%   89   90   91   92

, , 4

     [,1] [,2] [,3] [,4]
0%     13   14   15   16
25%    33   34   35   36
50%    53   54   55   56
75%    73   74   75   76
100%   93   94   95   96

, , 5

     [,1] [,2] [,3] [,4]
0%     17   18   19   20
25%    37   38   39   40
50%    57   58   59   60
75%    77   78   79   80
100%   97   98   99  100

> x <- array(1:100, c(5, 5))
> x
     [,1] [,2] [,3] [,4] [,5]
[1,]    1    6   11   16   21
[2,]    2    7   12   17   22
[3,]    3    8   13   18   23
[4,]    4    9   14   19   24
[5,]    5   10   15   20   25
> x <- array(1:100, c(5, 5, 4))
> x
, , 1

     [,1] [,2] [,3] [,4] [,5]
[1,]    1    6   11   16   21
[2,]    2    7   12   17   22
[3,]    3    8   13   18   23
[4,]    4    9   14   19   24
[5,]    5   10   15   20   25

, , 2

     [,1] [,2] [,3] [,4] [,5]
[1,]   26   31   36   41   46
[2,]   27   32   37   42   47
[3,]   28   33   38   43   48
[4,]   29   34   39   44   49
[5,]   30   35   40   45   50

, , 3

     [,1] [,2] [,3] [,4] [,5]
[1,]   51   56   61   66   71
[2,]   52   57   62   67   72
[3,]   53   58   63   68   73
[4,]   54   59   64   69   74
[5,]   55   60   65   70   75

, , 4

     [,1] [,2] [,3] [,4] [,5]
[1,]   76   81   86   91   96
[2,]   77   82   87   92   97
[3,]   78   83   88   93   98
[4,]   79   84   89   94   99
[5,]   80   85   90   95  100

> apply(x, c(1,3), quantile, probs = y)
, , 1

     [,1] [,2] [,3] [,4] [,5]
0%      1    2    3    4    5
25%     6    7    8    9   10
50%    11   12   13   14   15
75%    16   17   18   19   20
100%   21   22   23   24   25

, , 2

     [,1] [,2] [,3] [,4] [,5]
0%     26   27   28   29   30
25%    31   32   33   34   35
50%    36   37   38   39   40
75%    41   42   43   44   45
100%   46   47   48   49   50

, , 3

     [,1] [,2] [,3] [,4] [,5]
0%     51   52   53   54   55
25%    56   57   58   59   60
50%    61   62   63   64   65
75%    66   67   68   69   70
100%   71   72   73   74   75

, , 4

     [,1] [,2] [,3] [,4] [,5]
0%     76   77   78   79   80
25%    81   82   83   84   85
50%    86   87   88   89   90
75%    91   92   93   94   95
100%   96   97   98   99  100

> 